// Jest Snapshot v1, https://goo.gl/fbAQLP

exports[`NotesList component should match the snapshot 1`] = `
ShallowWrapper {
  Symbol(enzyme.__root__): [Circular],
  Symbol(enzyme.__unrendered__): <NotesList
    dateFilter={null}
    notes={
      Array [
        Object {
          "createdAt": 1545951483012,
          "id": "dd5aa440-0a2a-11e9-93fa-a7949507e226",
          "tag": "hobby",
          "text": "buy groceries",
        },
        Object {
          "createdAt": 1545951433152,
          "id": "bfa29c00-0a2a-11e9-93fa-a7949507e226",
          "tag": "work",
          "text": "do laundry",
        },
        Object {
          "createdAt": 1545951460092,
          "id": "cfb153c0-0a2a-11e9-93fa-a7949507e226",
          "tag": "hobby",
          "text": "play golf",
        },
        Object {
          "createdAt": 1545951504338,
          "id": "ea10bb20-0a2a-11e9-93fa-a7949507e226",
          "tag": "personal",
          "text": "buy gifts",
        },
        Object {
          "createdAt": 1545451632475,
          "id": "425ca4b0-0a2b-11e9-93fa-a7949507e226",
          "tag": "personal",
          "text": "set up tv",
        },
        Object {
          "createdAt": 1545951440518,
          "id": "c4069260-0a2a-11e9-93fa-a7949507e226",
          "tag": "work",
          "text": "run errands",
        },
      ]
    }
    tagFilter="work"
  />,
  Symbol(enzyme.__renderer__): Object {
    "batchedUpdates": [Function],
    "getNode": [Function],
    "render": [Function],
    "simulateError": [Function],
    "simulateEvent": [Function],
    "unmount": [Function],
  },
  Symbol(enzyme.__node__): Object {
    "instance": null,
    "key": undefined,
    "nodeType": "host",
    "props": Object {
      "children": Array [
        <Note
          createdAt={1545951433152}
          id="bfa29c00-0a2a-11e9-93fa-a7949507e226"
          tag="work"
          text="do laundry"
        />,
        <Note
          createdAt={1545951440518}
          id="c4069260-0a2a-11e9-93fa-a7949507e226"
          tag="work"
          text="run errands"
        />,
      ],
      "className": "notes-list",
    },
    "ref": null,
    "rendered": Array [
      Object {
        "instance": null,
        "key": "bfa29c00-0a2a-11e9-93fa-a7949507e226",
        "nodeType": "function",
        "props": Object {
          "createdAt": 1545951433152,
          "id": "bfa29c00-0a2a-11e9-93fa-a7949507e226",
          "tag": "work",
          "text": "do laundry",
        },
        "ref": null,
        "rendered": null,
        "type": [Function],
      },
      Object {
        "instance": null,
        "key": "c4069260-0a2a-11e9-93fa-a7949507e226",
        "nodeType": "function",
        "props": Object {
          "createdAt": 1545951440518,
          "id": "c4069260-0a2a-11e9-93fa-a7949507e226",
          "tag": "work",
          "text": "run errands",
        },
        "ref": null,
        "rendered": null,
        "type": [Function],
      },
    ],
    "type": "div",
  },
  Symbol(enzyme.__nodes__): Array [
    Object {
      "instance": null,
      "key": undefined,
      "nodeType": "host",
      "props": Object {
        "children": Array [
          <Note
            createdAt={1545951433152}
            id="bfa29c00-0a2a-11e9-93fa-a7949507e226"
            tag="work"
            text="do laundry"
          />,
          <Note
            createdAt={1545951440518}
            id="c4069260-0a2a-11e9-93fa-a7949507e226"
            tag="work"
            text="run errands"
          />,
        ],
        "className": "notes-list",
      },
      "ref": null,
      "rendered": Array [
        Object {
          "instance": null,
          "key": "bfa29c00-0a2a-11e9-93fa-a7949507e226",
          "nodeType": "function",
          "props": Object {
            "createdAt": 1545951433152,
            "id": "bfa29c00-0a2a-11e9-93fa-a7949507e226",
            "tag": "work",
            "text": "do laundry",
          },
          "ref": null,
          "rendered": null,
          "type": [Function],
        },
        Object {
          "instance": null,
          "key": "c4069260-0a2a-11e9-93fa-a7949507e226",
          "nodeType": "function",
          "props": Object {
            "createdAt": 1545951440518,
            "id": "c4069260-0a2a-11e9-93fa-a7949507e226",
            "tag": "work",
            "text": "run errands",
          },
          "ref": null,
          "rendered": null,
          "type": [Function],
        },
      ],
      "type": "div",
    },
  ],
  Symbol(enzyme.__options__): Object {
    "adapter": ReactSixteenAdapter {
      "options": Object {
        "enableComponentDidUpdateOnSetState": true,
        "lifecycles": Object {
          "componentDidUpdate": Object {
            "onSetState": true,
          },
          "getDerivedStateFromProps": true,
          "getSnapshotBeforeUpdate": true,
          "setState": Object {
            "skipsComponentDidUpdateOnNullish": true,
          },
        },
      },
    },
  },
}
`;
