// Jest Snapshot v1, https://goo.gl/fbAQLP

exports[`Note component should match the snapshot 1`] = `
ShallowWrapper {
  Symbol(enzyme.__root__): [Circular],
  Symbol(enzyme.__unrendered__): <Note
    createdAt={1545951460092}
    tag="work"
    text="new note"
  />,
  Symbol(enzyme.__renderer__): Object {
    "batchedUpdates": [Function],
    "getNode": [Function],
    "render": [Function],
    "simulateError": [Function],
    "simulateEvent": [Function],
    "unmount": [Function],
  },
  Symbol(enzyme.__node__): Object {
    "instance": null,
    "key": undefined,
    "nodeType": "host",
    "props": Object {
      "children": Array [
        <h3>
          new note
        </h3>,
        <p>
          Time: 
          12/27/2018
        </p>,
        <p>
          Tag: 
          work
        </p>,
      ],
      "className": "note",
    },
    "ref": null,
    "rendered": Array [
      Object {
        "instance": null,
        "key": undefined,
        "nodeType": "host",
        "props": Object {
          "children": "new note",
        },
        "ref": null,
        "rendered": "new note",
        "type": "h3",
      },
      Object {
        "instance": null,
        "key": undefined,
        "nodeType": "host",
        "props": Object {
          "children": Array [
            "Time: ",
            "12/27/2018",
          ],
        },
        "ref": null,
        "rendered": Array [
          "Time: ",
          "12/27/2018",
        ],
        "type": "p",
      },
      Object {
        "instance": null,
        "key": undefined,
        "nodeType": "host",
        "props": Object {
          "children": Array [
            "Tag: ",
            "work",
          ],
        },
        "ref": null,
        "rendered": Array [
          "Tag: ",
          "work",
        ],
        "type": "p",
      },
    ],
    "type": "div",
  },
  Symbol(enzyme.__nodes__): Array [
    Object {
      "instance": null,
      "key": undefined,
      "nodeType": "host",
      "props": Object {
        "children": Array [
          <h3>
            new note
          </h3>,
          <p>
            Time: 
            12/27/2018
          </p>,
          <p>
            Tag: 
            work
          </p>,
        ],
        "className": "note",
      },
      "ref": null,
      "rendered": Array [
        Object {
          "instance": null,
          "key": undefined,
          "nodeType": "host",
          "props": Object {
            "children": "new note",
          },
          "ref": null,
          "rendered": "new note",
          "type": "h3",
        },
        Object {
          "instance": null,
          "key": undefined,
          "nodeType": "host",
          "props": Object {
            "children": Array [
              "Time: ",
              "12/27/2018",
            ],
          },
          "ref": null,
          "rendered": Array [
            "Time: ",
            "12/27/2018",
          ],
          "type": "p",
        },
        Object {
          "instance": null,
          "key": undefined,
          "nodeType": "host",
          "props": Object {
            "children": Array [
              "Tag: ",
              "work",
            ],
          },
          "ref": null,
          "rendered": Array [
            "Tag: ",
            "work",
          ],
          "type": "p",
        },
      ],
      "type": "div",
    },
  ],
  Symbol(enzyme.__options__): Object {
    "adapter": ReactSixteenAdapter {
      "options": Object {
        "enableComponentDidUpdateOnSetState": true,
        "lifecycles": Object {
          "componentDidUpdate": Object {
            "onSetState": true,
          },
          "getDerivedStateFromProps": true,
          "getSnapshotBeforeUpdate": true,
          "setState": Object {
            "skipsComponentDidUpdateOnNullish": true,
          },
        },
      },
    },
  },
}
`;
